// Jest Snapshot v1, https://goo.gl/fbAQLP

exports[`<IncrementalSearch /> renders the component properly 1`] = `
<div>
  <input
    id="searchInput"
    name="search"
    onChange={[Function]}
    placeholder="Search.."
    type="text"
  />
</div>
`;
